Traceback (most recent call last):
  File "/Users/Shared/miniconda3/envs/jupyterbook/lib/python3.9/site-packages/jupyter_cache/executors/utils.py", line 58, in single_nb_execution
    executenb(
  File "/Users/Shared/miniconda3/envs/jupyterbook/lib/python3.9/site-packages/nbclient/client.py", line 1319, in execute
    return NotebookClient(nb=nb, resources=resources, km=km, **kwargs).execute()
  File "/Users/Shared/miniconda3/envs/jupyterbook/lib/python3.9/site-packages/jupyter_core/utils/__init__.py", line 165, in wrapped
    return loop.run_until_complete(inner)
  File "/Users/Shared/miniconda3/envs/jupyterbook/lib/python3.9/asyncio/base_events.py", line 647, in run_until_complete
    return future.result()
  File "/Users/Shared/miniconda3/envs/jupyterbook/lib/python3.9/site-packages/nbclient/client.py", line 709, in async_execute
    await self.async_execute_cell(
  File "/Users/Shared/miniconda3/envs/jupyterbook/lib/python3.9/site-packages/nbclient/client.py", line 1062, in async_execute_cell
    await self._check_raise_for_error(cell, cell_index, exec_reply)
  File "/Users/Shared/miniconda3/envs/jupyterbook/lib/python3.9/site-packages/nbclient/client.py", line 918, in _check_raise_for_error
    raise CellExecutionError.from_cell_and_msg(cell, exec_reply_content)
nbclient.exceptions.CellExecutionError: An error occurred while executing the following cell:
------------------
import xarray as xr

# Load the NetCDF file
ds_loaded = xr.open_dataset('dimension_reduction_results.nc')

# Access the DataArrays from the loaded Dataset
EOF_loaded = ds_loaded['EOF']
pcs_loaded = ds_loaded['pcs']
pcs_std_loaded = ds_loaded['pcs_std']

# Print some basic information to verify the data
print(ds_loaded)

# Optionally, inspect a specific DataArray
print(EOF_loaded)
------------------


[0;31m---------------------------------------------------------------------------[0m
[0;31mModuleNotFoundError[0m                       Traceback (most recent call last)
Cell [0;32mIn[1], line 1[0m
[0;32m----> 1[0m [38;5;28;01mimport[39;00m[38;5;250m [39m[38;5;21;01mxarray[39;00m[38;5;250m [39m[38;5;28;01mas[39;00m[38;5;250m [39m[38;5;21;01mxr[39;00m
[1;32m      3[0m [38;5;66;03m# Load the NetCDF file[39;00m
[1;32m      4[0m ds_loaded [38;5;241m=[39m xr[38;5;241m.[39mopen_dataset([38;5;124m'[39m[38;5;124mdimension_reduction_results.nc[39m[38;5;124m'[39m)

[0;31mModuleNotFoundError[0m: No module named 'xarray'

